3
10 1234567890
5 abcde
7 1234567
3
abc abc
123 123
xyz xyz
